0
1
2
3
4
5
6
7
8
9
mensi nebo rovno 5
mensi nebo rovno 5
mensi nebo rovno 5
mensi nebo rovno 5
mensi nebo rovno 5
mensi nebo rovno 5
vetsi nez 5
vetsi nez 5
vetsi nez 5
vetsi nez 5
45