1
2
4
8
16
32
64
128
256
512
Modulo test:
1
isEven test:
0
1
0
isOdd test:
1
isPrime
1
0